2026-09-20 13:26:40 | INFO     | logger_config:47 | Logger initialized. Log file: C:\Coding\CSLAV\CSLAV_OCR_1.0-main\csalv_ocr.log
2026-09-20 13:26:40 | INFO     | gui_app:53 | Инициализация GUI приложения CSLAV OCR
2026-09-20 13:26:40 | INFO     | gui_app:193 | Попытка загрузки модели из: C:\Coding\CSLAV\CSLAV_OCR_1.0-main\CSLAV_OCR-main\machine.h5
2026-09-20 13:26:40 | INFO     | gui_app:198 | Модель успешно загружена
2026-09-20 13:26:40 | INFO     | gui_app:202 | Загрузка предсказаний из: C:\Coding\CSLAV\CSLAV_OCR_1.0-main\CSLAV_OCR-main\predictions.txt
2026-09-20 13:26:40 | INFO     | ocr_utils:97 | Загружено 50 предсказаний
2026-09-20 13:26:40 | INFO     | gui_app:205 | Приложение готово к работе
2026-09-20 13:27:01 | INFO     | gui_app:325 | Начало обработки файла: C:/Coding/Knigochey_1.0/примеры для теста/Евангелие1606 56_cr.png
2026-09-20 13:27:01 | INFO     | gui_app:330 | Обработка изображения...
2026-09-20 13:27:01 | INFO     | ocr_utils:493 | Запуск полного процесса распознавания для файла: C:/Coding/Knigochey_1.0/примеры для теста/Евангелие1606 56_cr.png
2026-09-20 13:27:01 | INFO     | ocr_utils:97 | Загружено 50 предсказаний
2026-09-20 13:27:01 | INFO     | ocr_utils:142 | Начало предобработки изображения: C:/Coding/Knigochey_1.0/примеры для теста/Евангелие1606 56_cr.png
2026-09-20 13:27:01 | ERROR    | ocr_utils:519 | Ошибка в process_image_to_text: 'numpy.ndarray' object has no attribute 'itemset'
Traceback (most recent call last):
  File "C:\Coding\CSLAV\CSLAV_OCR_1.0-main\CSLAV_OCR-main\ocr_utils.py", line 498, in process_image_to_text
    symbols = get_symbols_from_file(filename, prediction_file, model_name, min_h=min_h_symbols)
              ^^^^^^^^^^^^^^^^^^^^^^^^^^^^^^^^^^^^^^^^^^^^^^^^^^^^^^^^^^^^^^^^^^^^^^^^^^^^^^^^^
  File "C:\Coding\CSLAV\CSLAV_OCR_1.0-main\CSLAV_OCR-main\ocr_utils.py", line 261, in get_symbols_from_file
    boxes = get_boxes_from_image(filename, min_h, max_h, max_w)
            ^^^^^^^^^^^^^^^^^^^^^^^^^^^^^^^^^^^^^^^^^^^^^^^^^^^
  File "C:\Coding\CSLAV\CSLAV_OCR_1.0-main\CSLAV_OCR-main\ocr_utils.py", line 197, in get_boxes_from_image
    img_prepared = prepare_img(filename)
                   ^^^^^^^^^^^^^^^^^^^^^
  File "C:\Coding\CSLAV\CSLAV_OCR_1.0-main\CSLAV_OCR-main\ocr_utils.py", line 166, in prepare_img
    img_no_kinovar = kinovar2black(img_ex)
                     ^^^^^^^^^^^^^^^^^^^^^
  File "C:\Coding\CSLAV\CSLAV_OCR_1.0-main\CSLAV_OCR-main\ocr_utils.py", line 122, in kinovar2black
    img.itemset((0, idx), 30)
    ^^^^^^^^^^^
AttributeError: 'numpy.ndarray' object has no attribute 'itemset'. Did you mean: 'itemsize'?
2026-09-20 13:27:01 | ERROR    | gui_app:398 | Ошибка при обработке файла: 'numpy.ndarray' object has no attribute 'itemset'
Traceback (most recent call last):
  File "C:\Coding\CSLAV\CSLAV_OCR_1.0-main\CSLAV_OCR-main\gui_app.py", line 331, in _process_file
    text = process_image_to_text(
           ^^^^^^^^^^^^^^^^^^^^^^
  File "C:\Coding\CSLAV\CSLAV_OCR_1.0-main\CSLAV_OCR-main\ocr_utils.py", line 498, in process_image_to_text
    symbols = get_symbols_from_file(filename, prediction_file, model_name, min_h=min_h_symbols)
              ^^^^^^^^^^^^^^^^^^^^^^^^^^^^^^^^^^^^^^^^^^^^^^^^^^^^^^^^^^^^^^^^^^^^^^^^^^^^^^^^^
  File "C:\Coding\CSLAV\CSLAV_OCR_1.0-main\CSLAV_OCR-main\ocr_utils.py", line 261, in get_symbols_from_file
    boxes = get_boxes_from_image(filename, min_h, max_h, max_w)
            ^^^^^^^^^^^^^^^^^^^^^^^^^^^^^^^^^^^^^^^^^^^^^^^^^^^
  File "C:\Coding\CSLAV\CSLAV_OCR_1.0-main\CSLAV_OCR-main\ocr_utils.py", line 197, in get_boxes_from_image
    img_prepared = prepare_img(filename)
                   ^^^^^^^^^^^^^^^^^^^^^
  File "C:\Coding\CSLAV\CSLAV_OCR_1.0-main\CSLAV_OCR-main\ocr_utils.py", line 166, in prepare_img
    img_no_kinovar = kinovar2black(img_ex)
                     ^^^^^^^^^^^^^^^^^^^^^
  File "C:\Coding\CSLAV\CSLAV_OCR_1.0-main\CSLAV_OCR-main\ocr_utils.py", line 122, in kinovar2black
    img.itemset((0, idx), 30)
    ^^^^^^^^^^^
AttributeError: 'numpy.ndarray' object has no attribute 'itemset'. Did you mean: 'itemsize'?
2026-09-20 13:31:39 | INFO     | logger_config:47 | Logger initialized. Log file: C:\Coding\CSLAV\CSLAV_OCR_1.0-main\csalv_ocr.log
2026-09-20 13:31:39 | INFO     | gui_app:53 | Инициализация GUI приложения CSLAV OCR
2026-09-20 13:31:39 | INFO     | gui_app:193 | Попытка загрузки модели из: C:\Coding\CSLAV\CSLAV_OCR_1.0-main\CSLAV_OCR-main\machine.h5
2026-09-20 13:31:40 | INFO     | gui_app:198 | Модель успешно загружена
2026-09-20 13:31:40 | INFO     | gui_app:202 | Загрузка предсказаний из: C:\Coding\CSLAV\CSLAV_OCR_1.0-main\CSLAV_OCR-main\predictions.txt
2026-09-20 13:31:40 | INFO     | ocr_utils:97 | Загружено 50 предсказаний
2026-09-20 13:31:40 | INFO     | gui_app:205 | Приложение готово к работе
2026-09-20 13:31:47 | INFO     | gui_app:325 | Начало обработки файла: C:/Coding/Knigochey_1.0/примеры для теста/Евангелие1606 56_cr.png
2026-09-20 13:31:47 | INFO     | gui_app:330 | Обработка изображения...
2026-09-20 13:31:47 | INFO     | ocr_utils:493 | Запуск полного процесса распознавания для файла: C:/Coding/Knigochey_1.0/примеры для теста/Евангелие1606 56_cr.png
2026-09-20 13:31:47 | INFO     | ocr_utils:97 | Загружено 50 предсказаний
2026-09-20 13:31:47 | INFO     | ocr_utils:142 | Начало предобработки изображения: C:/Coding/Knigochey_1.0/примеры для теста/Евангелие1606 56_cr.png
2026-09-20 13:31:48 | WARNING  | ocr_utils:56 | Не найдено соответствие для предсказания: [[0.0000000e+00 0.0000000e+00 0.0000000e+00 0.0000000e+00 0.0000000e+00
  0.0000000e+00 0.0000000e+00 0.0000000e+00 0.0000000e+00 0.0000000e+00
  0.0000000e+00 0.0000000e+00 3.6151681e-19 0.0000000e+00 0.0000000e+00
  0.0000000e+00 0.0000000e+00 0.0000000e+00 0.0000000e+00 0.0000000e+00
  0.0000000e+00 5.4045397e-01 0.0000000e+00 0.0000000e+00 0.0000000e+00
  4.5954597e-01 1.1479408e-29 0.0000000e+00 4.4649276e-08 0.0000000e+00
  0.0000000e+00 0.0000000e+00 0.0000000e+00 0.0000000e+00 0.0000000e+00
  0.0000000e+00 0.0000000e+00 0.0000000e+00 0.0000000e+00 0.0000000e+00
  0.0000000e+00 0.0000000e+00 0.0000000e+00 0.0000000e+00 0.0000000e+00
  0.0000000e+00 0.0000000e+00 9.0366632e-14 0.0000000e+00]]
2026-09-20 13:31:48 | WARNING  | ocr_utils:56 | Не найдено соответствие для предсказания: [[0.0000000e+00 0.0000000e+00 0.0000000e+00 0.0000000e+00 0.0000000e+00
  0.0000000e+00 0.0000000e+00 0.0000000e+00 0.0000000e+00 0.0000000e+00
  0.0000000e+00 0.0000000e+00 0.0000000e+00 0.0000000e+00 0.0000000e+00
  0.0000000e+00 0.0000000e+00 0.0000000e+00 0.0000000e+00 0.0000000e+00
  0.0000000e+00 0.0000000e+00 0.0000000e+00 0.0000000e+00 0.0000000e+00
  0.0000000e+00 0.0000000e+00 1.6393086e-22 0.0000000e+00 0.0000000e+00
  0.0000000e+00 0.0000000e+00 0.0000000e+00 0.0000000e+00 0.0000000e+00
  0.0000000e+00 0.0000000e+00 0.0000000e+00 0.0000000e+00 0.0000000e+00
  0.0000000e+00 0.0000000e+00 0.0000000e+00 0.0000000e+00 0.0000000e+00
  0.0000000e+00 1.0000000e+00 0.0000000e+00 0.0000000e+00]]
2026-09-20 13:31:50 | INFO     | ocr_utils:499 | Найдено 28 символов
2026-09-20 13:31:50 | INFO     | ocr_utils:142 | Начало предобработки изображения: C:/Coding/Knigochey_1.0/примеры для теста/Евангелие1606 56_cr.png
2026-09-20 13:31:50 | ERROR    | ocr_utils:519 | Ошибка в process_image_to_text: 'NoneType' object has no attribute 'shape'
Traceback (most recent call last):
  File "C:\Coding\CSLAV\CSLAV_OCR_1.0-main\CSLAV_OCR-main\ocr_utils.py", line 504, in process_image_to_text
    edges = get_edges(boxes, edge_threshn, filename)
            ^^^^^^^^^^^^^^^^^^^^^^^^^^^^^^^^^^^^^^^^
  File "C:\Coding\CSLAV\CSLAV_OCR_1.0-main\CSLAV_OCR-main\ocr_utils.py", line 374, in get_edges
    x = img_for_rows.shape[0]
        ^^^^^^^^^^^^^^^^^^
AttributeError: 'NoneType' object has no attribute 'shape'
2026-09-20 13:31:50 | ERROR    | gui_app:398 | Ошибка при обработке файла: 'NoneType' object has no attribute 'shape'
Traceback (most recent call last):
  File "C:\Coding\CSLAV\CSLAV_OCR_1.0-main\CSLAV_OCR-main\gui_app.py", line 331, in _process_file
    text = process_image_to_text(
           ^^^^^^^^^^^^^^^^^^^^^^
  File "C:\Coding\CSLAV\CSLAV_OCR_1.0-main\CSLAV_OCR-main\ocr_utils.py", line 504, in process_image_to_text
    edges = get_edges(boxes, edge_threshn, filename)
            ^^^^^^^^^^^^^^^^^^^^^^^^^^^^^^^^^^^^^^^^
  File "C:\Coding\CSLAV\CSLAV_OCR_1.0-main\CSLAV_OCR-main\ocr_utils.py", line 374, in get_edges
    x = img_for_rows.shape[0]
        ^^^^^^^^^^^^^^^^^^
AttributeError: 'NoneType' object has no attribute 'shape'
2026-09-20 13:54:38 | INFO     | logger_config:47 | Logger initialized. Log file: C:\Coding\CSLAV\CSLAV_OCR_1.0-main\csalv_ocr.log
2026-09-20 13:54:39 | INFO     | gui_app:53 | Инициализация GUI приложения CSLAV OCR
2026-09-20 13:54:39 | INFO     | gui_app:193 | Попытка загрузки модели из: C:\Coding\CSLAV\CSLAV_OCR_1.0-main\CSLAV_OCR-main\machine.h5
2026-09-20 13:54:39 | INFO     | gui_app:198 | Модель успешно загружена
2026-09-20 13:54:39 | INFO     | gui_app:202 | Загрузка предсказаний из: C:\Coding\CSLAV\CSLAV_OCR_1.0-main\CSLAV_OCR-main\predictions.txt
2026-09-20 13:54:39 | INFO     | ocr_utils:97 | Загружено 50 предсказаний
2026-09-20 13:54:39 | INFO     | gui_app:205 | Приложение готово к работе
2026-09-20 13:54:46 | INFO     | gui_app:325 | Начало обработки файла: C:/Coding/Knigochey_1.0/примеры для теста/Евангелие1606 56_cr.png
2026-09-20 13:54:46 | INFO     | gui_app:330 | Обработка изображения...
2026-09-20 13:54:46 | INFO     | ocr_utils:493 | Запуск полного процесса распознавания для файла: C:/Coding/Knigochey_1.0/примеры для теста/Евангелие1606 56_cr.png
2026-09-20 13:54:46 | INFO     | ocr_utils:97 | Загружено 50 предсказаний
2026-09-20 13:54:46 | INFO     | ocr_utils:142 | Начало предобработки изображения: C:/Coding/Knigochey_1.0/примеры для теста/Евангелие1606 56_cr.png
2026-09-20 13:54:46 | WARNING  | ocr_utils:56 | Не найдено соответствие для предсказания: [[0.0000000e+00 0.0000000e+00 0.0000000e+00 0.0000000e+00 0.0000000e+00
  0.0000000e+00 0.0000000e+00 0.0000000e+00 0.0000000e+00 0.0000000e+00
  0.0000000e+00 0.0000000e+00 3.6151681e-19 0.0000000e+00 0.0000000e+00
  0.0000000e+00 0.0000000e+00 0.0000000e+00 0.0000000e+00 0.0000000e+00
  0.0000000e+00 5.4045397e-01 0.0000000e+00 0.0000000e+00 0.0000000e+00
  4.5954597e-01 1.1479408e-29 0.0000000e+00 4.4649276e-08 0.0000000e+00
  0.0000000e+00 0.0000000e+00 0.0000000e+00 0.0000000e+00 0.0000000e+00
  0.0000000e+00 0.0000000e+00 0.0000000e+00 0.0000000e+00 0.0000000e+00
  0.0000000e+00 0.0000000e+00 0.0000000e+00 0.0000000e+00 0.0000000e+00
  0.0000000e+00 0.0000000e+00 9.0366632e-14 0.0000000e+00]]
2026-09-20 13:54:46 | WARNING  | ocr_utils:56 | Не найдено соответствие для предсказания: [[0.0000000e+00 0.0000000e+00 0.0000000e+00 0.0000000e+00 0.0000000e+00
  0.0000000e+00 0.0000000e+00 0.0000000e+00 0.0000000e+00 0.0000000e+00
  0.0000000e+00 0.0000000e+00 0.0000000e+00 0.0000000e+00 0.0000000e+00
  0.0000000e+00 0.0000000e+00 0.0000000e+00 0.0000000e+00 0.0000000e+00
  0.0000000e+00 0.0000000e+00 0.0000000e+00 0.0000000e+00 0.0000000e+00
  0.0000000e+00 0.0000000e+00 1.6393086e-22 0.0000000e+00 0.0000000e+00
  0.0000000e+00 0.0000000e+00 0.0000000e+00 0.0000000e+00 0.0000000e+00
  0.0000000e+00 0.0000000e+00 0.0000000e+00 0.0000000e+00 0.0000000e+00
  0.0000000e+00 0.0000000e+00 0.0000000e+00 0.0000000e+00 0.0000000e+00
  0.0000000e+00 1.0000000e+00 0.0000000e+00 0.0000000e+00]]
2026-09-20 13:54:48 | INFO     | ocr_utils:499 | Найдено 28 символов
2026-09-20 13:54:48 | INFO     | ocr_utils:142 | Начало предобработки изображения: C:/Coding/Knigochey_1.0/примеры для теста/Евангелие1606 56_cr.png
2026-09-20 13:54:48 | ERROR    | ocr_utils:519 | Ошибка в process_image_to_text: 'NoneType' object has no attribute 'shape'
Traceback (most recent call last):
  File "C:\Coding\CSLAV\CSLAV_OCR_1.0-main\CSLAV_OCR-main\ocr_utils.py", line 504, in process_image_to_text
    edges = get_edges(boxes, edge_threshn, filename)
            ^^^^^^^^^^^^^^^^^^^^^^^^^^^^^^^^^^^^^^^^
  File "C:\Coding\CSLAV\CSLAV_OCR_1.0-main\CSLAV_OCR-main\ocr_utils.py", line 374, in get_edges
    x = img_for_rows.shape[0]
        ^^^^^^^^^^^^^^^^^^
AttributeError: 'NoneType' object has no attribute 'shape'
2026-09-20 13:54:48 | ERROR    | gui_app:398 | Ошибка при обработке файла: 'NoneType' object has no attribute 'shape'
Traceback (most recent call last):
  File "C:\Coding\CSLAV\CSLAV_OCR_1.0-main\CSLAV_OCR-main\gui_app.py", line 331, in _process_file
    text = process_image_to_text(
           ^^^^^^^^^^^^^^^^^^^^^^
  File "C:\Coding\CSLAV\CSLAV_OCR_1.0-main\CSLAV_OCR-main\ocr_utils.py", line 504, in process_image_to_text
    edges = get_edges(boxes, edge_threshn, filename)
            ^^^^^^^^^^^^^^^^^^^^^^^^^^^^^^^^^^^^^^^^
  File "C:\Coding\CSLAV\CSLAV_OCR_1.0-main\CSLAV_OCR-main\ocr_utils.py", line 374, in get_edges
    x = img_for_rows.shape[0]
        ^^^^^^^^^^^^^^^^^^
AttributeError: 'NoneType' object has no attribute 'shape'
2026-09-20 13:59:51 | INFO     | logger_config:47 | Logger initialized. Log file: C:\Coding\CSLAV\CSLAV_OCR_1.0-main\csalv_ocr.log
2026-09-20 13:59:51 | INFO     | gui_app:53 | Инициализация GUI приложения CSLAV OCR
2026-09-20 13:59:51 | INFO     | gui_app:193 | Попытка загрузки модели из: C:\Coding\CSLAV\CSLAV_OCR_1.0-main\CSLAV_OCR-main\machine.h5
2026-09-20 13:59:51 | INFO     | gui_app:198 | Модель успешно загружена
2026-09-20 13:59:51 | INFO     | gui_app:202 | Загрузка предсказаний из: C:\Coding\CSLAV\CSLAV_OCR_1.0-main\CSLAV_OCR-main\predictions.txt
2026-09-20 13:59:51 | INFO     | ocr_utils:97 | Загружено 50 предсказаний
2026-09-20 13:59:51 | INFO     | gui_app:205 | Приложение готово к работе
2026-09-20 14:00:14 | INFO     | gui_app:325 | Начало обработки файла: C:/Coding/Knigochey_1.0/примеры для теста/Евангелие1606 56_cr.png
2026-09-20 14:00:14 | INFO     | gui_app:330 | Обработка изображения...
2026-09-20 14:00:14 | INFO     | ocr_utils:504 | Запуск полного процесса распознавания для файла: C:/Coding/Knigochey_1.0/примеры для теста/Евангелие1606 56_cr.png
2026-09-20 14:00:14 | INFO     | ocr_utils:97 | Загружено 50 предсказаний
2026-09-20 14:00:14 | INFO     | ocr_utils:142 | Начало предобработки изображения: C:/Coding/Knigochey_1.0/примеры для теста/Евангелие1606 56_cr.png
2026-09-20 14:00:14 | WARNING  | ocr_utils:56 | Не найдено соответствие для предсказания: [[0.0000000e+00 0.0000000e+00 0.0000000e+00 0.0000000e+00 0.0000000e+00
  0.0000000e+00 0.0000000e+00 0.0000000e+00 0.0000000e+00 0.0000000e+00
  0.0000000e+00 0.0000000e+00 3.6151681e-19 0.0000000e+00 0.0000000e+00
  0.0000000e+00 0.0000000e+00 0.0000000e+00 0.0000000e+00 0.0000000e+00
  0.0000000e+00 5.4045397e-01 0.0000000e+00 0.0000000e+00 0.0000000e+00
  4.5954597e-01 1.1479408e-29 0.0000000e+00 4.4649276e-08 0.0000000e+00
  0.0000000e+00 0.0000000e+00 0.0000000e+00 0.0000000e+00 0.0000000e+00
  0.0000000e+00 0.0000000e+00 0.0000000e+00 0.0000000e+00 0.0000000e+00
  0.0000000e+00 0.0000000e+00 0.0000000e+00 0.0000000e+00 0.0000000e+00
  0.0000000e+00 0.0000000e+00 9.0366632e-14 0.0000000e+00]]
2026-09-20 14:00:14 | WARNING  | ocr_utils:56 | Не найдено соответствие для предсказания: [[0.0000000e+00 0.0000000e+00 0.0000000e+00 0.0000000e+00 0.0000000e+00
  0.0000000e+00 0.0000000e+00 0.0000000e+00 0.0000000e+00 0.0000000e+00
  0.0000000e+00 0.0000000e+00 0.0000000e+00 0.0000000e+00 0.0000000e+00
  0.0000000e+00 0.0000000e+00 0.0000000e+00 0.0000000e+00 0.0000000e+00
  0.0000000e+00 0.0000000e+00 0.0000000e+00 0.0000000e+00 0.0000000e+00
  0.0000000e+00 0.0000000e+00 1.6393086e-22 0.0000000e+00 0.0000000e+00
  0.0000000e+00 0.0000000e+00 0.0000000e+00 0.0000000e+00 0.0000000e+00
  0.0000000e+00 0.0000000e+00 0.0000000e+00 0.0000000e+00 0.0000000e+00
  0.0000000e+00 0.0000000e+00 0.0000000e+00 0.0000000e+00 0.0000000e+00
  0.0000000e+00 1.0000000e+00 0.0000000e+00 0.0000000e+00]]
2026-09-20 14:00:16 | INFO     | ocr_utils:510 | Найдено 28 символов
2026-09-20 14:00:16 | INFO     | ocr_utils:142 | Начало предобработки изображения: C:/Coding/Knigochey_1.0/примеры для теста/Евангелие1606 56_cr.png
2026-09-20 14:00:16 | INFO     | ocr_utils:520 | Распределено 28 символов по 1 строкам
2026-09-20 14:00:16 | INFO     | ocr_utils:526 | Распознавание завершено. Длина текста: 27 символов
2026-09-20 14:00:16 | INFO     | gui_app:391 | Распознавание завершено успешно. Получено символов: 27
2026-09-20 14:10:43 | INFO     | logger_config:47 | Logger initialized. Log file: C:\Coding\CSLAV\CSLAV_OCR_1.0-main\csalv_ocr.log
2026-09-20 14:10:43 | INFO     | gui_app:57 | Инициализация GUI приложения CSLAV OCR
2026-09-20 14:10:44 | INFO     | gui_app:223 | Попытка загрузки модели из: C:\Coding\CSLAV\CSLAV_OCR_1.0-main\CSLAV_OCR-main\machine.h5
2026-09-20 14:10:44 | INFO     | gui_app:228 | Модель успешно загружена
2026-09-20 14:10:44 | INFO     | gui_app:232 | Загрузка предсказаний из: C:\Coding\CSLAV\CSLAV_OCR_1.0-main\CSLAV_OCR-main\predictions.txt
2026-09-20 14:10:44 | INFO     | ocr_utils:97 | Загружено 50 предсказаний
2026-09-20 14:10:44 | INFO     | gui_app:235 | Приложение готово к работе
2026-09-20 14:11:27 | INFO     | gui_app:406 | Начало обработки файла: C:/Coding/Knigochey_1.0/примеры для теста/Евангелие1606 56_cr.png
2026-09-20 14:11:27 | INFO     | gui_app:411 | Обработка изображения...
2026-09-20 14:11:27 | INFO     | ocr_utils:504 | Запуск полного процесса распознавания для файла: C:/Coding/Knigochey_1.0/примеры для теста/Евангелие1606 56_cr.png
2026-09-20 14:11:27 | INFO     | ocr_utils:97 | Загружено 50 предсказаний
2026-09-20 14:11:27 | INFO     | ocr_utils:142 | Начало предобработки изображения: C:/Coding/Knigochey_1.0/примеры для теста/Евангелие1606 56_cr.png
2026-09-20 14:11:27 | WARNING  | ocr_utils:56 | Не найдено соответствие для предсказания: [[0.0000000e+00 0.0000000e+00 0.0000000e+00 0.0000000e+00 0.0000000e+00
  0.0000000e+00 0.0000000e+00 0.0000000e+00 0.0000000e+00 0.0000000e+00
  0.0000000e+00 0.0000000e+00 3.6151681e-19 0.0000000e+00 0.0000000e+00
  0.0000000e+00 0.0000000e+00 0.0000000e+00 0.0000000e+00 0.0000000e+00
  0.0000000e+00 5.4045397e-01 0.0000000e+00 0.0000000e+00 0.0000000e+00
  4.5954597e-01 1.1479408e-29 0.0000000e+00 4.4649276e-08 0.0000000e+00
  0.0000000e+00 0.0000000e+00 0.0000000e+00 0.0000000e+00 0.0000000e+00
  0.0000000e+00 0.0000000e+00 0.0000000e+00 0.0000000e+00 0.0000000e+00
  0.0000000e+00 0.0000000e+00 0.0000000e+00 0.0000000e+00 0.0000000e+00
  0.0000000e+00 0.0000000e+00 9.0366632e-14 0.0000000e+00]]
2026-09-20 14:11:28 | WARNING  | ocr_utils:56 | Не найдено соответствие для предсказания: [[0.0000000e+00 0.0000000e+00 0.0000000e+00 0.0000000e+00 0.0000000e+00
  0.0000000e+00 0.0000000e+00 0.0000000e+00 0.0000000e+00 0.0000000e+00
  0.0000000e+00 0.0000000e+00 0.0000000e+00 0.0000000e+00 0.0000000e+00
  0.0000000e+00 0.0000000e+00 0.0000000e+00 0.0000000e+00 0.0000000e+00
  0.0000000e+00 0.0000000e+00 0.0000000e+00 0.0000000e+00 0.0000000e+00
  0.0000000e+00 0.0000000e+00 1.6393086e-22 0.0000000e+00 0.0000000e+00
  0.0000000e+00 0.0000000e+00 0.0000000e+00 0.0000000e+00 0.0000000e+00
  0.0000000e+00 0.0000000e+00 0.0000000e+00 0.0000000e+00 0.0000000e+00
  0.0000000e+00 0.0000000e+00 0.0000000e+00 0.0000000e+00 0.0000000e+00
  0.0000000e+00 1.0000000e+00 0.0000000e+00 0.0000000e+00]]
2026-09-20 14:11:29 | INFO     | ocr_utils:510 | Найдено 28 символов
2026-09-20 14:11:29 | INFO     | ocr_utils:142 | Начало предобработки изображения: C:/Coding/Knigochey_1.0/примеры для теста/Евангелие1606 56_cr.png
2026-09-20 14:11:29 | INFO     | ocr_utils:520 | Распределено 28 символов по 1 строкам
2026-09-20 14:11:29 | INFO     | ocr_utils:526 | Распознавание завершено. Длина текста: 27 символов
2026-09-20 14:11:29 | INFO     | gui_app:472 | Распознавание завершено успешно. Получено символов: 27
2026-09-20 14:11:55 | INFO     | gui_app:406 | Начало обработки файла: C:/Coding/Knigochey_1.0/примеры для теста/Евангелие1606 56.jpg
2026-09-20 14:11:55 | INFO     | gui_app:411 | Обработка изображения...
2026-09-20 14:11:55 | INFO     | ocr_utils:504 | Запуск полного процесса распознавания для файла: C:/Coding/Knigochey_1.0/примеры для теста/Евангелие1606 56.jpg
2026-09-20 14:11:55 | INFO     | ocr_utils:97 | Загружено 50 предсказаний
2026-09-20 14:11:55 | INFO     | ocr_utils:142 | Начало предобработки изображения: C:/Coding/Knigochey_1.0/примеры для теста/Евангелие1606 56.jpg
2026-09-20 14:11:55 | WARNING  | ocr_utils:56 | Не найдено соответствие для предсказания: [[0.0000000e+00 0.0000000e+00 0.0000000e+00 0.0000000e+00 0.0000000e+00
  0.0000000e+00 0.0000000e+00 0.0000000e+00 0.0000000e+00 0.0000000e+00
  0.0000000e+00 0.0000000e+00 1.0000000e+00 0.0000000e+00 0.0000000e+00
  0.0000000e+00 0.0000000e+00 1.7627091e-24 0.0000000e+00 0.0000000e+00
  4.8215021e-08 0.0000000e+00 0.0000000e+00 0.0000000e+00 0.0000000e+00
  0.0000000e+00 0.0000000e+00 0.0000000e+00 0.0000000e+00 0.0000000e+00
  0.0000000e+00 0.0000000e+00 0.0000000e+00 0.0000000e+00 0.0000000e+00
  0.0000000e+00 0.0000000e+00 0.0000000e+00 0.0000000e+00 0.0000000e+00
  0.0000000e+00 0.0000000e+00 2.1164226e-19 0.0000000e+00 0.0000000e+00
  0.0000000e+00 0.0000000e+00 0.0000000e+00 0.0000000e+00]]
2026-09-20 14:11:58 | WARNING  | ocr_utils:56 | Не найдено соответствие для предсказания: [[0.000000e+00 0.000000e+00 0.000000e+00 0.000000e+00 0.000000e+00
  0.000000e+00 0.000000e+00 0.000000e+00 0.000000e+00 0.000000e+00
  0.000000e+00 0.000000e+00 0.000000e+00 0.000000e+00 0.000000e+00
  0.000000e+00 0.000000e+00 0.000000e+00 0.000000e+00 1.000000e+00
  0.000000e+00 0.000000e+00 0.000000e+00 0.000000e+00 0.000000e+00
  0.000000e+00 0.000000e+00 0.000000e+00 0.000000e+00 0.000000e+00
  0.000000e+00 0.000000e+00 0.000000e+00 0.000000e+00 0.000000e+00
  0.000000e+00 0.000000e+00 0.000000e+00 0.000000e+00 0.000000e+00
  2.661277e-14 0.000000e+00 0.000000e+00 0.000000e+00 0.000000e+00
  0.000000e+00 0.000000e+00 0.000000e+00 0.000000e+00]]
2026-09-20 14:11:58 | WARNING  | ocr_utils:56 | Не найдено соответствие для предсказания: [[0.0000000e+00 0.0000000e+00 0.0000000e+00 0.0000000e+00 0.0000000e+00
  0.0000000e+00 1.0000000e+00 0.0000000e+00 0.0000000e+00 0.0000000e+00
  0.0000000e+00 0.0000000e+00 0.0000000e+00 0.0000000e+00 0.0000000e+00
  0.0000000e+00 0.0000000e+00 0.0000000e+00 0.0000000e+00 0.0000000e+00
  0.0000000e+00 0.0000000e+00 0.0000000e+00 1.1223032e-08 0.0000000e+00
  0.0000000e+00 0.0000000e+00 0.0000000e+00 0.0000000e+00 0.0000000e+00
  0.0000000e+00 0.0000000e+00 0.0000000e+00 0.0000000e+00 0.0000000e+00
  0.0000000e+00 0.0000000e+00 0.0000000e+00 0.0000000e+00 0.0000000e+00
  0.0000000e+00 0.0000000e+00 0.0000000e+00 0.0000000e+00 0.0000000e+00
  0.0000000e+00 0.0000000e+00 0.0000000e+00 0.0000000e+00]]
2026-09-20 14:11:59 | WARNING  | ocr_utils:56 | Не найдено соответствие для предсказания: [[0.0000000e+00 0.0000000e+00 0.0000000e+00 0.0000000e+00 0.0000000e+00
  0.0000000e+00 0.0000000e+00 0.0000000e+00 0.0000000e+00 0.0000000e+00
  0.0000000e+00 0.0000000e+00 0.0000000e+00 0.0000000e+00 0.0000000e+00
  0.0000000e+00 0.0000000e+00 0.0000000e+00 0.0000000e+00 1.0000000e+00
  0.0000000e+00 0.0000000e+00 0.0000000e+00 0.0000000e+00 0.0000000e+00
  0.0000000e+00 0.0000000e+00 1.8482743e-26 0.0000000e+00 0.0000000e+00
  0.0000000e+00 0.0000000e+00 0.0000000e+00 0.0000000e+00 0.0000000e+00
  0.0000000e+00 0.0000000e+00 0.0000000e+00 0.0000000e+00 0.0000000e+00
  0.0000000e+00 0.0000000e+00 0.0000000e+00 0.0000000e+00 0.0000000e+00
  0.0000000e+00 0.0000000e+00 0.0000000e+00 0.0000000e+00]]
2026-09-20 14:12:00 | WARNING  | ocr_utils:56 | Не найдено соответствие для предсказания: [[0.0000000e+00 0.0000000e+00 0.0000000e+00 0.0000000e+00 0.0000000e+00
  0.0000000e+00 0.0000000e+00 0.0000000e+00 0.0000000e+00 0.0000000e+00
  0.0000000e+00 0.0000000e+00 0.0000000e+00 0.0000000e+00 0.0000000e+00
  0.0000000e+00 0.0000000e+00 0.0000000e+00 0.0000000e+00 0.0000000e+00
  0.0000000e+00 0.0000000e+00 0.0000000e+00 0.0000000e+00 0.0000000e+00
  0.0000000e+00 0.0000000e+00 1.0000000e+00 0.0000000e+00 0.0000000e+00
  0.0000000e+00 0.0000000e+00 0.0000000e+00 0.0000000e+00 0.0000000e+00
  0.0000000e+00 0.0000000e+00 0.0000000e+00 0.0000000e+00 0.0000000e+00
  0.0000000e+00 0.0000000e+00 0.0000000e+00 0.0000000e+00 0.0000000e+00
  6.1833292e-24 0.0000000e+00 0.0000000e+00 0.0000000e+00]]
2026-09-20 14:12:01 | WARNING  | ocr_utils:56 | Не найдено соответствие для предсказания: [[0.         0.         0.         0.         0.         0.
  0.         0.         0.         0.         0.         0.
  0.         0.         0.         0.         0.         0.
  0.         0.         0.         0.7889289  0.         0.
  0.         0.         0.         0.         0.         0.
  0.         0.         0.         0.         0.         0.
  0.         0.         0.         0.         0.         0.
  0.         0.         0.         0.         0.21107104 0.
  0.        ]]
2026-09-20 14:12:02 | WARNING  | ocr_utils:56 | Не найдено соответствие для предсказания: [[0.000000e+00 0.000000e+00 0.000000e+00 0.000000e+00 0.000000e+00
  0.000000e+00 0.000000e+00 0.000000e+00 0.000000e+00 0.000000e+00
  0.000000e+00 0.000000e+00 0.000000e+00 0.000000e+00 0.000000e+00
  0.000000e+00 0.000000e+00 0.000000e+00 0.000000e+00 0.000000e+00
  0.000000e+00 0.000000e+00 0.000000e+00 0.000000e+00 0.000000e+00
  0.000000e+00 0.000000e+00 8.683712e-06 0.000000e+00 0.000000e+00
  0.000000e+00 0.000000e+00 0.000000e+00 0.000000e+00 0.000000e+00
  0.000000e+00 0.000000e+00 0.000000e+00 0.000000e+00 0.000000e+00
  0.000000e+00 0.000000e+00 0.000000e+00 0.000000e+00 0.000000e+00
  0.000000e+00 9.999913e-01 0.000000e+00 0.000000e+00]]
2026-09-20 14:12:02 | WARNING  | ocr_utils:56 | Не найдено соответствие для предсказания: [[0.0000000e+00 0.0000000e+00 0.0000000e+00 0.0000000e+00 0.0000000e+00
  0.0000000e+00 0.0000000e+00 0.0000000e+00 0.0000000e+00 1.2313035e-29
  0.0000000e+00 0.0000000e+00 0.0000000e+00 1.0000000e+00 0.0000000e+00
  0.0000000e+00 0.0000000e+00 0.0000000e+00 0.0000000e+00 0.0000000e+00
  0.0000000e+00 0.0000000e+00 0.0000000e+00 0.0000000e+00 0.0000000e+00
  0.0000000e+00 0.0000000e+00 0.0000000e+00 0.0000000e+00 0.0000000e+00
  0.0000000e+00 0.0000000e+00 0.0000000e+00 0.0000000e+00 0.0000000e+00
  0.0000000e+00 0.0000000e+00 0.0000000e+00 0.0000000e+00 0.0000000e+00
  0.0000000e+00 0.0000000e+00 0.0000000e+00 0.0000000e+00 0.0000000e+00
  0.0000000e+00 0.0000000e+00 0.0000000e+00 0.0000000e+00]]
2026-09-20 14:12:02 | WARNING  | ocr_utils:56 | Не найдено соответствие для предсказания: [[0.000000e+00 0.000000e+00 0.000000e+00 0.000000e+00 0.000000e+00
  0.000000e+00 0.000000e+00 0.000000e+00 0.000000e+00 1.000000e+00
  0.000000e+00 0.000000e+00 0.000000e+00 2.565387e-28 0.000000e+00
  0.000000e+00 0.000000e+00 0.000000e+00 0.000000e+00 0.000000e+00
  0.000000e+00 0.000000e+00 0.000000e+00 0.000000e+00 0.000000e+00
  0.000000e+00 0.000000e+00 0.000000e+00 0.000000e+00 0.000000e+00
  0.000000e+00 0.000000e+00 0.000000e+00 0.000000e+00 0.000000e+00
  0.000000e+00 0.000000e+00 0.000000e+00 0.000000e+00 0.000000e+00
  0.000000e+00 0.000000e+00 0.000000e+00 0.000000e+00 0.000000e+00
  0.000000e+00 0.000000e+00 0.000000e+00 0.000000e+00]]
2026-09-20 14:12:04 | WARNING  | ocr_utils:56 | Не найдено соответствие для предсказания: [[0.0000000e+00 0.0000000e+00 0.0000000e+00 0.0000000e+00 0.0000000e+00
  0.0000000e+00 0.0000000e+00 0.0000000e+00 0.0000000e+00 0.0000000e+00
  1.0000000e+00 0.0000000e+00 0.0000000e+00 0.0000000e+00 0.0000000e+00
  0.0000000e+00 0.0000000e+00 0.0000000e+00 0.0000000e+00 0.0000000e+00
  0.0000000e+00 0.0000000e+00 0.0000000e+00 0.0000000e+00 0.0000000e+00
  0.0000000e+00 0.0000000e+00 0.0000000e+00 0.0000000e+00 0.0000000e+00
  0.0000000e+00 0.0000000e+00 0.0000000e+00 0.0000000e+00 0.0000000e+00
  2.1223448e-15 0.0000000e+00 0.0000000e+00 0.0000000e+00 0.0000000e+00
  0.0000000e+00 0.0000000e+00 0.0000000e+00 0.0000000e+00 0.0000000e+00
  0.0000000e+00 0.0000000e+00 0.0000000e+00 0.0000000e+00]]
2026-09-20 14:12:04 | WARNING  | ocr_utils:56 | Не найдено соответствие для предсказания: [[0.0000000e+00 0.0000000e+00 0.0000000e+00 0.0000000e+00 0.0000000e+00
  0.0000000e+00 0.0000000e+00 0.0000000e+00 0.0000000e+00 0.0000000e+00
  5.6402805e-06 0.0000000e+00 0.0000000e+00 0.0000000e+00 0.0000000e+00
  0.0000000e+00 0.0000000e+00 0.0000000e+00 0.0000000e+00 0.0000000e+00
  0.0000000e+00 0.0000000e+00 0.0000000e+00 0.0000000e+00 0.0000000e+00
  0.0000000e+00 0.0000000e+00 9.9999440e-01 0.0000000e+00 0.0000000e+00
  0.0000000e+00 0.0000000e+00 0.0000000e+00 0.0000000e+00 0.0000000e+00
  0.0000000e+00 0.0000000e+00 0.0000000e+00 0.0000000e+00 0.0000000e+00
  0.0000000e+00 0.0000000e+00 0.0000000e+00 0.0000000e+00 0.0000000e+00
  0.0000000e+00 0.0000000e+00 0.0000000e+00 0.0000000e+00]]
2026-09-20 14:12:05 | WARNING  | ocr_utils:56 | Не найдено соответствие для предсказания: [[0.0000000e+00 0.0000000e+00 0.0000000e+00 0.0000000e+00 0.0000000e+00
  0.0000000e+00 0.0000000e+00 0.0000000e+00 0.0000000e+00 0.0000000e+00
  0.0000000e+00 0.0000000e+00 0.0000000e+00 0.0000000e+00 0.0000000e+00
  0.0000000e+00 0.0000000e+00 0.0000000e+00 0.0000000e+00 0.0000000e+00
  0.0000000e+00 1.0000000e+00 0.0000000e+00 0.0000000e+00 0.0000000e+00
  0.0000000e+00 0.0000000e+00 0.0000000e+00 0.0000000e+00 0.0000000e+00
  0.0000000e+00 0.0000000e+00 0.0000000e+00 0.0000000e+00 0.0000000e+00
  0.0000000e+00 0.0000000e+00 0.0000000e+00 0.0000000e+00 0.0000000e+00
  0.0000000e+00 0.0000000e+00 0.0000000e+00 0.0000000e+00 0.0000000e+00
  0.0000000e+00 2.9236946e-10 0.0000000e+00 0.0000000e+00]]
2026-09-20 14:12:05 | WARNING  | ocr_utils:56 | Не найдено соответствие для предсказания: [[0.0000000e+00 0.0000000e+00 0.0000000e+00 0.0000000e+00 0.0000000e+00
  0.0000000e+00 2.2424789e-17 0.0000000e+00 0.0000000e+00 0.0000000e+00
  0.0000000e+00 0.0000000e+00 0.0000000e+00 0.0000000e+00 0.0000000e+00
  0.0000000e+00 0.0000000e+00 0.0000000e+00 0.0000000e+00 0.0000000e+00
  0.0000000e+00 0.0000000e+00 0.0000000e+00 1.0000000e+00 0.0000000e+00
  0.0000000e+00 0.0000000e+00 0.0000000e+00 0.0000000e+00 0.0000000e+00
  0.0000000e+00 0.0000000e+00 0.0000000e+00 0.0000000e+00 0.0000000e+00
  0.0000000e+00 0.0000000e+00 0.0000000e+00 0.0000000e+00 0.0000000e+00
  0.0000000e+00 0.0000000e+00 0.0000000e+00 0.0000000e+00 0.0000000e+00
  0.0000000e+00 0.0000000e+00 0.0000000e+00 0.0000000e+00]]
2026-09-20 14:12:06 | WARNING  | ocr_utils:56 | Не найдено соответствие для предсказания: [[0.0000000e+00 0.0000000e+00 0.0000000e+00 0.0000000e+00 0.0000000e+00
  0.0000000e+00 0.0000000e+00 0.0000000e+00 0.0000000e+00 0.0000000e+00
  0.0000000e+00 0.0000000e+00 0.0000000e+00 0.0000000e+00 0.0000000e+00
  0.0000000e+00 0.0000000e+00 0.0000000e+00 0.0000000e+00 0.0000000e+00
  0.0000000e+00 0.0000000e+00 0.0000000e+00 0.0000000e+00 0.0000000e+00
  0.0000000e+00 0.0000000e+00 0.0000000e+00 0.0000000e+00 0.0000000e+00
  0.0000000e+00 0.0000000e+00 0.0000000e+00 0.0000000e+00 0.0000000e+00
  0.0000000e+00 0.0000000e+00 0.0000000e+00 0.0000000e+00 0.0000000e+00
  1.0000000e+00 0.0000000e+00 0.0000000e+00 1.7859337e-14 0.0000000e+00
  0.0000000e+00 0.0000000e+00 0.0000000e+00 0.0000000e+00]]
2026-09-20 14:12:07 | WARNING  | ocr_utils:56 | Не найдено соответствие для предсказания: [[0.0000000e+00 0.0000000e+00 0.0000000e+00 0.0000000e+00 0.0000000e+00
  0.0000000e+00 0.0000000e+00 0.0000000e+00 0.0000000e+00 0.0000000e+00
  0.0000000e+00 0.0000000e+00 2.6676885e-31 0.0000000e+00 0.0000000e+00
  0.0000000e+00 0.0000000e+00 0.0000000e+00 0.0000000e+00 1.0000000e+00
  0.0000000e+00 0.0000000e+00 0.0000000e+00 0.0000000e+00 0.0000000e+00
  0.0000000e+00 0.0000000e+00 0.0000000e+00 0.0000000e+00 0.0000000e+00
  0.0000000e+00 0.0000000e+00 0.0000000e+00 0.0000000e+00 0.0000000e+00
  0.0000000e+00 0.0000000e+00 0.0000000e+00 0.0000000e+00 0.0000000e+00
  0.0000000e+00 0.0000000e+00 0.0000000e+00 0.0000000e+00 0.0000000e+00
  0.0000000e+00 0.0000000e+00 0.0000000e+00 0.0000000e+00]]
2026-09-20 14:12:08 | WARNING  | ocr_utils:56 | Не найдено соответствие для предсказания: [[0.0000000e+00 0.0000000e+00 0.0000000e+00 0.0000000e+00 0.0000000e+00
  0.0000000e+00 0.0000000e+00 0.0000000e+00 0.0000000e+00 0.0000000e+00
  0.0000000e+00 0.0000000e+00 0.0000000e+00 0.0000000e+00 0.0000000e+00
  0.0000000e+00 0.0000000e+00 0.0000000e+00 0.0000000e+00 0.0000000e+00
  0.0000000e+00 0.0000000e+00 0.0000000e+00 0.0000000e+00 0.0000000e+00
  0.0000000e+00 0.0000000e+00 1.0000000e+00 0.0000000e+00 0.0000000e+00
  0.0000000e+00 0.0000000e+00 0.0000000e+00 0.0000000e+00 0.0000000e+00
  0.0000000e+00 0.0000000e+00 0.0000000e+00 0.0000000e+00 0.0000000e+00
  0.0000000e+00 2.9013326e-23 0.0000000e+00 0.0000000e+00 0.0000000e+00
  0.0000000e+00 0.0000000e+00 0.0000000e+00 0.0000000e+00]]
2026-09-20 14:12:09 | WARNING  | ocr_utils:56 | Не найдено соответствие для предсказания: [[0.000000e+00 0.000000e+00 9.999989e-01 0.000000e+00 0.000000e+00
  0.000000e+00 0.000000e+00 0.000000e+00 0.000000e+00 0.000000e+00
  0.000000e+00 0.000000e+00 0.000000e+00 0.000000e+00 0.000000e+00
  0.000000e+00 0.000000e+00 0.000000e+00 0.000000e+00 0.000000e+00
  0.000000e+00 0.000000e+00 0.000000e+00 0.000000e+00 0.000000e+00
  0.000000e+00 0.000000e+00 0.000000e+00 0.000000e+00 0.000000e+00
  0.000000e+00 0.000000e+00 0.000000e+00 1.054813e-06 0.000000e+00
  0.000000e+00 0.000000e+00 0.000000e+00 0.000000e+00 0.000000e+00
  0.000000e+00 0.000000e+00 0.000000e+00 0.000000e+00 0.000000e+00
  0.000000e+00 0.000000e+00 0.000000e+00 0.000000e+00]]
2026-09-20 14:12:13 | WARNING  | ocr_utils:56 | Не найдено соответствие для предсказания: [[0.0000000e+00 0.0000000e+00 0.0000000e+00 0.0000000e+00 0.0000000e+00
  0.0000000e+00 0.0000000e+00 0.0000000e+00 0.0000000e+00 0.0000000e+00
  0.0000000e+00 0.0000000e+00 0.0000000e+00 0.0000000e+00 0.0000000e+00
  1.0000000e+00 0.0000000e+00 0.0000000e+00 0.0000000e+00 0.0000000e+00
  0.0000000e+00 0.0000000e+00 0.0000000e+00 0.0000000e+00 0.0000000e+00
  0.0000000e+00 0.0000000e+00 0.0000000e+00 0.0000000e+00 0.0000000e+00
  0.0000000e+00 0.0000000e+00 0.0000000e+00 0.0000000e+00 0.0000000e+00
  0.0000000e+00 0.0000000e+00 0.0000000e+00 0.0000000e+00 0.0000000e+00
  0.0000000e+00 0.0000000e+00 0.0000000e+00 0.0000000e+00 0.0000000e+00
  0.0000000e+00 3.5172552e-34 0.0000000e+00 0.0000000e+00]]
2026-09-20 14:12:15 | WARNING  | ocr_utils:56 | Не найдено соответствие для предсказания: [[0.0000000e+00 0.0000000e+00 0.0000000e+00 0.0000000e+00 0.0000000e+00
  0.0000000e+00 0.0000000e+00 0.0000000e+00 0.0000000e+00 0.0000000e+00
  0.0000000e+00 0.0000000e+00 0.0000000e+00 0.0000000e+00 0.0000000e+00
  0.0000000e+00 0.0000000e+00 0.0000000e+00 0.0000000e+00 0.0000000e+00
  0.0000000e+00 1.0000000e+00 0.0000000e+00 0.0000000e+00 0.0000000e+00
  0.0000000e+00 0.0000000e+00 0.0000000e+00 0.0000000e+00 0.0000000e+00
  0.0000000e+00 0.0000000e+00 0.0000000e+00 0.0000000e+00 0.0000000e+00
  0.0000000e+00 0.0000000e+00 0.0000000e+00 0.0000000e+00 0.0000000e+00
  0.0000000e+00 0.0000000e+00 0.0000000e+00 0.0000000e+00 0.0000000e+00
  0.0000000e+00 2.2300551e-35 0.0000000e+00 0.0000000e+00]]
2026-09-20 14:12:15 | WARNING  | ocr_utils:56 | Не найдено соответствие для предсказания: [[0.00000e+00 0.00000e+00 0.00000e+00 0.00000e+00 0.00000e+00 0.00000e+00
  4.16008e-36 0.00000e+00 0.00000e+00 0.00000e+00 0.00000e+00 0.00000e+00
  0.00000e+00 0.00000e+00 0.00000e+00 0.00000e+00 0.00000e+00 0.00000e+00
  0.00000e+00 0.00000e+00 0.00000e+00 0.00000e+00 0.00000e+00 1.00000e+00
  0.00000e+00 0.00000e+00 0.00000e+00 0.00000e+00 0.00000e+00 0.00000e+00
  0.00000e+00 0.00000e+00 0.00000e+00 0.00000e+00 0.00000e+00 0.00000e+00
  0.00000e+00 0.00000e+00 0.00000e+00 0.00000e+00 0.00000e+00 0.00000e+00
  0.00000e+00 0.00000e+00 0.00000e+00 0.00000e+00 0.00000e+00 0.00000e+00
  0.00000e+00]]
2026-09-20 14:12:15 | WARNING  | ocr_utils:56 | Не найдено соответствие для предсказания: [[0.000000e+00 0.000000e+00 0.000000e+00 0.000000e+00 0.000000e+00
  0.000000e+00 0.000000e+00 0.000000e+00 0.000000e+00 3.225121e-31
  0.000000e+00 0.000000e+00 0.000000e+00 0.000000e+00 0.000000e+00
  0.000000e+00 0.000000e+00 0.000000e+00 0.000000e+00 1.000000e+00
  0.000000e+00 0.000000e+00 0.000000e+00 0.000000e+00 0.000000e+00
  0.000000e+00 0.000000e+00 0.000000e+00 0.000000e+00 0.000000e+00
  0.000000e+00 0.000000e+00 0.000000e+00 0.000000e+00 0.000000e+00
  0.000000e+00 0.000000e+00 0.000000e+00 0.000000e+00 0.000000e+00
  0.000000e+00 0.000000e+00 0.000000e+00 0.000000e+00 0.000000e+00
  0.000000e+00 0.000000e+00 0.000000e+00 0.000000e+00]]
2026-09-20 14:12:16 | WARNING  | ocr_utils:56 | Не найдено соответствие для предсказания: [[0.0000000e+00 0.0000000e+00 0.0000000e+00 0.0000000e+00 0.0000000e+00
  0.0000000e+00 0.0000000e+00 0.0000000e+00 0.0000000e+00 0.0000000e+00
  0.0000000e+00 0.0000000e+00 0.0000000e+00 0.0000000e+00 0.0000000e+00
  0.0000000e+00 0.0000000e+00 0.0000000e+00 0.0000000e+00 0.0000000e+00
  0.0000000e+00 0.0000000e+00 0.0000000e+00 0.0000000e+00 0.0000000e+00
  0.0000000e+00 0.0000000e+00 0.0000000e+00 0.0000000e+00 0.0000000e+00
  0.0000000e+00 0.0000000e+00 0.0000000e+00 0.0000000e+00 0.0000000e+00
  0.0000000e+00 0.0000000e+00 0.0000000e+00 0.0000000e+00 0.0000000e+00
  9.9999535e-01 0.0000000e+00 0.0000000e+00 4.6113405e-06 0.0000000e+00
  0.0000000e+00 0.0000000e+00 0.0000000e+00 0.0000000e+00]]
2026-09-20 14:12:16 | WARNING  | ocr_utils:56 | Не найдено соответствие для предсказания: [[0.000000e+00 0.000000e+00 0.000000e+00 0.000000e+00 0.000000e+00
  0.000000e+00 0.000000e+00 0.000000e+00 0.000000e+00 0.000000e+00
  0.000000e+00 0.000000e+00 0.000000e+00 0.000000e+00 0.000000e+00
  0.000000e+00 0.000000e+00 0.000000e+00 0.000000e+00 0.000000e+00
  0.000000e+00 1.000000e+00 0.000000e+00 0.000000e+00 0.000000e+00
  0.000000e+00 0.000000e+00 0.000000e+00 0.000000e+00 0.000000e+00
  0.000000e+00 0.000000e+00 0.000000e+00 0.000000e+00 0.000000e+00
  0.000000e+00 0.000000e+00 0.000000e+00 0.000000e+00 0.000000e+00
  0.000000e+00 0.000000e+00 0.000000e+00 0.000000e+00 0.000000e+00
  0.000000e+00 5.058032e-11 0.000000e+00 0.000000e+00]]
2026-09-20 14:12:16 | WARNING  | ocr_utils:56 | Не найдено соответствие для предсказания: [[0.         0.         0.         0.         0.         0.
  0.03727209 0.         0.         0.         0.         0.
  0.         0.         0.         0.         0.         0.
  0.         0.         0.         0.         0.         0.96272784
  0.         0.         0.         0.         0.         0.
  0.         0.         0.         0.         0.         0.
  0.         0.         0.         0.         0.         0.
  0.         0.         0.         0.         0.         0.
  0.        ]]
2026-09-20 14:12:17 | INFO     | ocr_utils:510 | Найдено 329 символов
2026-09-20 14:12:17 | INFO     | ocr_utils:142 | Начало предобработки изображения: C:/Coding/Knigochey_1.0/примеры для теста/Евангелие1606 56.jpg
2026-09-20 14:12:17 | ERROR    | ocr_utils:530 | Ошибка в process_image_to_text: list index out of range
Traceback (most recent call last):
  File "C:\Coding\CSLAV\CSLAV_OCR_1.0-main\CSLAV_OCR-main\ocr_utils.py", line 518, in process_image_to_text
    rows = symbols_to_rows(symbols, edges, filename, save_interim_results)
           ^^^^^^^^^^^^^^^^^^^^^^^^^^^^^^^^^^^^^^^^^^^^^^^^^^^^^^^^^^^^^^^
  File "C:\Coding\CSLAV\CSLAV_OCR_1.0-main\CSLAV_OCR-main\ocr_utils.py", line 420, in symbols_to_rows
    rows[i].append(symbol)
    ~~~~^^^
IndexError: list index out of range
2026-09-20 14:12:17 | ERROR    | gui_app:479 | Ошибка при обработке файла: list index out of range
Traceback (most recent call last):
  File "C:\Coding\CSLAV\CSLAV_OCR_1.0-main\CSLAV_OCR-main\gui_app.py", line 412, in _process_file
    text = process_image_to_text(
           ^^^^^^^^^^^^^^^^^^^^^^
  File "C:\Coding\CSLAV\CSLAV_OCR_1.0-main\CSLAV_OCR-main\ocr_utils.py", line 518, in process_image_to_text
    rows = symbols_to_rows(symbols, edges, filename, save_interim_results)
           ^^^^^^^^^^^^^^^^^^^^^^^^^^^^^^^^^^^^^^^^^^^^^^^^^^^^^^^^^^^^^^^
  File "C:\Coding\CSLAV\CSLAV_OCR_1.0-main\CSLAV_OCR-main\ocr_utils.py", line 420, in symbols_to_rows
    rows[i].append(symbol)
    ~~~~^^^
IndexError: list index out of range
2026-09-20 14:23:16 | INFO     | logger_config:47 | Logger initialized. Log file: C:\Coding\CSLAV\CSLAV_OCR_1.0-main\csalv_ocr.log
2026-09-20 14:23:16 | INFO     | gui_app:61 | Инициализация GUI приложения CSLAV OCR
2026-09-20 14:23:17 | INFO     | gui_app:239 | Попытка загрузки модели из: C:\Coding\CSLAV\CSLAV_OCR_1.0-main\CSLAV_OCR-main\machine.h5
2026-09-20 14:23:17 | INFO     | gui_app:244 | Модель успешно загружена
2026-09-20 14:23:17 | INFO     | gui_app:248 | Загрузка предсказаний из: C:\Coding\CSLAV\CSLAV_OCR_1.0-main\CSLAV_OCR-main\predictions.txt
2026-09-20 14:23:17 | INFO     | ocr_utils:97 | Загружено 50 предсказаний
2026-09-20 14:23:17 | INFO     | gui_app:251 | Приложение готово к работе
2026-09-20 14:31:53 | INFO     | logger_config:47 | Logger initialized. Log file: C:\Coding\CSLAV\CSLAV_OCR_1.0-main\csalv_ocr.log
2026-09-20 14:31:53 | INFO     | gui_app:62 | Инициализация GUI приложения CSLAV OCR
2026-09-20 14:31:54 | INFO     | gui_app:254 | Попытка загрузки модели из: C:\Coding\CSLAV\CSLAV_OCR_1.0-main\CSLAV_OCR-main\machine.h5
2026-09-20 14:31:54 | INFO     | gui_app:259 | Модель успешно загружена
2026-09-20 14:31:54 | INFO     | gui_app:263 | Загрузка предсказаний из: C:\Coding\CSLAV\CSLAV_OCR_1.0-main\CSLAV_OCR-main\predictions.txt
2026-09-20 14:31:54 | INFO     | ocr_utils:97 | Загружено 50 предсказаний
2026-09-20 14:31:54 | INFO     | gui_app:266 | Приложение готово к работе
2026-09-20 14:32:12 | ERROR    | gui_app:684 | Ошибка при повороте изображения: 'tuple' object has no attribute 'tobytes'
2026-09-20 14:32:27 | WARNING  | gui_app:627 | Оригинальный файл не найден для сброса поворота
2026-09-20 14:32:29 | ERROR    | gui_app:684 | Ошибка при повороте изображения: 'tuple' object has no attribute 'tobytes'
2026-09-20 14:35:13 | INFO     | logger_config:47 | Logger initialized. Log file: C:\Coding\CSLAV\CSLAV_OCR_1.0-main\csalv_ocr.log
2026-09-20 14:35:13 | INFO     | gui_app:62 | Инициализация GUI приложения CSLAV OCR
2026-09-20 14:35:14 | INFO     | gui_app:254 | Попытка загрузки модели из: C:\Coding\CSLAV\CSLAV_OCR_1.0-main\CSLAV_OCR-main\machine.h5
2026-09-20 14:35:14 | INFO     | gui_app:259 | Модель успешно загружена
2026-09-20 14:35:14 | INFO     | gui_app:263 | Загрузка предсказаний из: C:\Coding\CSLAV\CSLAV_OCR_1.0-main\CSLAV_OCR-main\predictions.txt
2026-09-20 14:35:14 | INFO     | ocr_utils:97 | Загружено 50 предсказаний
2026-09-20 14:35:14 | INFO     | gui_app:266 | Приложение готово к работе
2026-09-20 14:35:22 | INFO     | gui_app:679 | Изображение повёрнуто на 90.0°, сохранено во временный файл
2026-09-20 14:35:32 | INFO     | gui_app:679 | Изображение повёрнуто на 90.0°, сохранено во временный файл
2026-09-20 14:35:46 | INFO     | gui_app:679 | Изображение повёрнуто на 90.0°, сохранено во временный файл
2026-09-20 14:35:48 | INFO     | gui_app:679 | Изображение повёрнуто на 90.0°, сохранено во временный файл
2026-09-20 14:35:49 | INFO     | gui_app:679 | Изображение повёрнуто на 90.0°, сохранено во временный файл
2026-09-20 14:35:50 | INFO     | gui_app:625 | Поворот сброшен, восстановлено оригинальное изображение
2026-09-20 14:35:51 | INFO     | gui_app:679 | Изображение повёрнуто на 90.0°, сохранено во временный файл
2026-09-20 14:35:53 | INFO     | gui_app:625 | Поворот сброшен, восстановлено оригинальное изображение
2026-09-20 14:35:58 | INFO     | gui_app:679 | Изображение повёрнуто на 90.0°, сохранено во временный файл
2026-09-20 14:36:04 | INFO     | gui_app:461 | Начало обработки файла: C:\Users\Valentin\AppData\Local\Temp\cslav_rotated_cbvmm7ty\rotated_image.png
2026-09-20 14:36:04 | INFO     | gui_app:466 | Обработка изображения...
2026-09-20 14:36:04 | INFO     | ocr_utils:520 | Запуск полного процесса распознавания для файла: C:\Users\Valentin\AppData\Local\Temp\cslav_rotated_cbvmm7ty\rotated_image.png
2026-09-20 14:36:04 | INFO     | ocr_utils:97 | Загружено 50 предсказаний
2026-09-20 14:36:04 | INFO     | ocr_utils:142 | Начало предобработки изображения: C:\Users\Valentin\AppData\Local\Temp\cslav_rotated_cbvmm7ty\rotated_image.png
2026-09-20 14:36:04 | INFO     | ocr_utils:526 | Найдено 0 символов
2026-09-20 14:36:04 | INFO     | ocr_utils:142 | Начало предобработки изображения: C:\Users\Valentin\AppData\Local\Temp\cslav_rotated_cbvmm7ty\rotated_image.png
2026-09-20 14:36:04 | INFO     | ocr_utils:536 | Распределено 0 символов по 0 строкам
2026-09-20 14:36:04 | INFO     | ocr_utils:542 | Распознавание завершено. Длина текста: 0 символов
2026-09-20 14:36:04 | INFO     | gui_app:527 | Распознавание завершено успешно. Получено символов: 0
2026-09-20 14:36:15 | INFO     | gui_app:625 | Поворот сброшен, восстановлено оригинальное изображение
2026-09-20 14:36:17 | INFO     | gui_app:679 | Изображение повёрнуто на 270.0°, сохранено во временный файл
2026-09-20 14:36:18 | INFO     | gui_app:679 | Изображение повёрнуто на 180.0°, сохранено во временный файл
2026-09-20 14:36:18 | INFO     | gui_app:679 | Изображение повёрнуто на 90.0°, сохранено во временный файл
2026-09-20 14:36:19 | INFO     | gui_app:625 | Поворот сброшен, восстановлено оригинальное изображение
2026-09-20 14:36:20 | INFO     | gui_app:679 | Изображение повёрнуто на 270.0°, сохранено во временный файл
2026-09-20 14:36:21 | INFO     | gui_app:679 | Изображение повёрнуто на 180.0°, сохранено во временный файл
2026-09-20 14:36:24 | INFO     | gui_app:461 | Начало обработки файла: C:\Users\Valentin\AppData\Local\Temp\cslav_rotated__75ah_ys\rotated_image.png
2026-09-20 14:36:24 | INFO     | gui_app:466 | Обработка изображения...
2026-09-20 14:36:24 | INFO     | ocr_utils:520 | Запуск полного процесса распознавания для файла: C:\Users\Valentin\AppData\Local\Temp\cslav_rotated__75ah_ys\rotated_image.png
2026-09-20 14:36:24 | INFO     | ocr_utils:97 | Загружено 50 предсказаний
2026-09-20 14:36:24 | INFO     | ocr_utils:142 | Начало предобработки изображения: C:\Users\Valentin\AppData\Local\Temp\cslav_rotated__75ah_ys\rotated_image.png
2026-09-20 14:36:24 | INFO     | ocr_utils:526 | Найдено 0 символов
2026-09-20 14:36:24 | INFO     | ocr_utils:142 | Начало предобработки изображения: C:\Users\Valentin\AppData\Local\Temp\cslav_rotated__75ah_ys\rotated_image.png
2026-09-20 14:36:24 | INFO     | ocr_utils:536 | Распределено 0 символов по 0 строкам
2026-09-20 14:36:24 | INFO     | ocr_utils:542 | Распознавание завершено. Длина текста: 0 символов
2026-09-20 14:36:24 | INFO     | gui_app:527 | Распознавание завершено успешно. Получено символов: 0
